// Jest Snapshot v1, https://goo.gl/fbAQLP

exports[`FillForm renders correctly 1`] = `
<RCTSafeAreaView
  emulateUnlessSupported={true}
>
  <RCTScrollView>
    <View>
      <View
        style={
          Object {
            "alignItems": "center",
            "backgroundColor": "#4154af",
            "flexDirection": "row",
            "height": 60,
            "width": "100%",
          }
        }
      >
        <Text
          style={
            Object {
              "color": "white",
              "fontSize": 20,
              "padding": 10,
            }
          }
        >
          Create Form
        </Text>
      </View>
      <View
        style={
          Object {
            "flex": 1,
            "justifyContent": "center",
          }
        }
      >
        <View
          style={
            Object {
              "borderBottomColor": "#f5f5f6",
              "borderBottomWidth": 2,
              "marginTop": 10,
            }
          }
        >
          <TextInput
            allowFontScaling={true}
            onChangeText={[Function]}
            placeholder="Form Name"
            style={
              Object {
                "height": 40,
              }
            }
            underlineColorAndroid="transparent"
          />
        </View>
        <View
          style={
            Object {
              "flexDirection": "row",
              "justifyContent": "flex-end",
              "margin": 20,
            }
          }
        >
          <View
            accessible={true}
            isTVSelectable={true}
            onResponderGrant={[Function]}
            onResponderMove={[Function]}
            onResponderRelease={[Function]}
            onResponderTerminate={[Function]}
            onResponderTerminationRequest={[Function]}
            onStartShouldSetResponder={[Function]}
            style={
              Object {
                "alignItems": "center",
                "backgroundColor": "#4154af",
                "height": 35,
                "padding": 10,
                "width": 100,
              }
            }
          >
            <Text
              style={
                Object {
                  "color": "white",
                }
              }
            >
              Add Field
            </Text>
          </View>
        </View>
        <View
          style={
            Object {
              "alignItems": "center",
              "backgroundColor": "#4154af",
              "flexDirection": "column",
              "height": 50,
              "marginTop": "95%",
              "width": "100%",
            }
          }
        >
          <View
            accessible={true}
            isTVSelectable={true}
            onResponderGrant={[Function]}
            onResponderMove={[Function]}
            onResponderRelease={[Function]}
            onResponderTerminate={[Function]}
            onResponderTerminationRequest={[Function]}
            onStartShouldSetResponder={[Function]}
            style={null}
          >
            <Text
              style={
                Object {
                  "color": "white",
                  "fontSize": 20,
                  "padding": 20,
                }
              }
            >
              Save
            </Text>
          </View>
        </View>
      </View>
    </View>
  </RCTScrollView>
</RCTSafeAreaView>
`;
