// Jest Snapshot v1, https://goo.gl/fbAQLP

exports[`Header renders correctly 1`] = `
<View
  style={
    Object {
      "alignItems": "center",
      "backgroundColor": "#4154af",
      "flexDirection": "row",
      "height": 60,
      "width": "100%",
    }
  }
>
  <Text
    style={
      Object {
        "color": "white",
        "fontSize": 20,
        "padding": 10,
      }
    }
  >
    hello
  </Text>
</View>
`;
